// Jest Snapshot v1, https://goo.gl/fbAQLP

exports[`<ListItem /> Snapshots renders correctly 1`] = `
.emotion-0 {
  box-sizing: border-box;
  margin: 0;
  min-width: 0;
  list-style: none;
}

.emotion-1 {
  box-sizing: border-box;
  margin: 0;
  min-width: 0;
  position: relative;
  display: -webkit-box;
  display: -webkit-flex;
  display: -ms-flexbox;
  display: flex;
  -webkit-align-items: center;
  -webkit-box-align: center;
  -ms-flex-align: center;
  align-items: center;
  height: 56px;
  padding-right: 24px;
  padding-top: 8px;
  padding-bottom: 8px;
  background-color: surface.main;
  border-radius: none;
  cursor: pointer;
}

.emotion-1:nth-last-child(n + 1) {
  padding-left: 16px;
}

.emotion-1:focus::after {
  content: "";
  position: absolute;
  top: 0;
  left: 0;
  width: 100%;
  height: 100%;
  background-color: action.active;
  border-radius: inherit;
}

.emotion-1:hover::after {
  content: "";
  position: absolute;
  top: 0;
  left: 0;
  width: 100%;
  height: 100%;
  background-color: action.hover;
  border-radius: inherit;
}

.emotion-1:active::after {
  content: "";
  position: absolute;
  top: 0;
  left: 0;
  width: 100%;
  height: 100%;
  background-color: action.active;
  border-radius: inherit;
  color: surface.variant;
  z-index: 1;
}

.emotion-2 {
  box-sizing: border-box;
  margin: 0;
  min-width: 0;
  color: surface.onMain;
}

<div>
  <li
    class="emotion-0"
  >
    <div
      class="emotion-1"
      draggable="true"
    >
      <p
        class="emotion-2"
      >
        Foo
      </p>
    </div>
  </li>
</div>
`;
