// Jest Snapshot v1, https://goo.gl/fbAQLP

exports[`<Portal /> Snapshots renders correctly 1`] = `<div />`;
