// Jest Snapshot v1, https://goo.gl/fbAQLP

exports[`<Box /> Snapshots renders correctly 1`] = `
.emotion-0 {
  box-sizing: border-box;
  margin: 0;
  min-width: 0;
}

<div>
  <div
    class="emotion-0"
  >
    Foo
  </div>
</div>
`;
