// Jest Snapshot v1, https://goo.gl/fbAQLP

exports[`<Dialog /> Snapshots renders correctly 1`] = `<div />`;
